<?xml version='1.0' ?>
<dataset>
    <country
            id='55028'
            title='Казахстан'
            props='{}'
            code='KZ'
    />
    <country
            id='261'
            title='Абхазия'
            props='{}'
            code='AB'
    />
    <country
            id='260'
            title='Беларусь'
            props='{"prop1": "val1", "prop2": 2}'
            code='BY'
    />
</dataset>
