<?xml version='1.0' ?>
<dataset>
    <region
            id='268'
            country_id='260'
            title='Алтай'
            fake='false'
            props='{}'
    />
    <region
            id='263'
            country_id='260'
            title='Карелия'
            fake='false'
            props='{}'
    />
    <region
            id='269'
            country_id='55028'
            title='Новое название'
            fake='false'
            props='{}'
    />
</dataset>
