<?xml version='1.0' ?>
<dataset>
    <river
            id='1'
            title='Умба'
            popularity='0'
            region_id='263'
            aliases='[]'
            props='{"a": "b"}'
            description='Река'
            visible='true'
    />
    <river
            id='2'
            title='Кодор'
            popularity='0'
            region_id='269'
            aliases='[]'
            props='{"a": 1}'
            description='Река'
            visible='false'
    />
</dataset>
