<?xml version='1.0' ?>
<dataset>
    <white_water_rapid_image white_water_rapid_id="1" image_id="1" main="true"/>
    <white_water_rapid_image white_water_rapid_id="1" image_id="2" main="false"/>
    <white_water_rapid_image white_water_rapid_id="1" image_id="3" main="false"/>
</dataset>
