<?xml version="1.0" ?>
<dataset>
    <!--Running-->
    <cron.execution
            id="1001"
            job_id="1001"
            start="2020-12-10T10:00:00Z"
            end=""
            status="RUNNING"
            manual="false"
    />
    <!--orphan-->
    <cron.execution
            id="1004"
            job_id="1001"
            start="2020-12-10T07:00:00Z"
            end=""
            status="ORPHAN"
            manual="false"
    />
</dataset>