<?xml version="1.0" ?>
<dataset>
    <cron.job
            id="1001"
            title="New name"
            expr="*/3 * * * *"
            enabled="true"
            command="another_command"
            args="args"
            critical="true"
    />
</dataset>