<?xml version="1.0" ?>
<dataset>
    <cron.job
            id="1001"
            title="New name"
            expr="*/1 * * * *"
            enabled="true"
            command="another_command"
            args="args"
            critical="true"
            log_ttl_days="60"
    />
</dataset>